Last login: Thu Jan  5 19:22:28 on ttys001
anushapaul@MacBook-Air ~ % git --version
git version 2.36.1
anushapaul@MacBook-Air ~ % cd Desktop/
anushapaul@MacBook-Air Desktop % mkdir Story
anushapaul@MacBook-Air Desktop % cd Story
anushapaul@MacBook-Air Story % ls
anushapaul@MacBook-Air Story % touch chapter1.txt
anushapaul@MacBook-Air Story % open chapter1.txt
anushapaul@MacBook-Air Story % open chapter1.txt
anushapaul@MacBook-Air Story % git init
hint: Using 'master' as the name for the initial branch. This default branch name
hint: is subject to change. To configure the initial branch name to use in all
hint: of your new repositories, which will suppress this warning, call:
hint: 
hint: 	git config --global init.defaultBranch <name>
hint: 
hint: Names commonly chosen instead of 'master' are 'main', 'trunk' and
hint: 'development'. The just-created branch can be renamed via this command:
hint: 
hint: 	git branch -m <name>
Initialized empty Git repository in /Users/anushapaul/Desktop/Story/.git/
anushapaul@MacBook-Air Story % ls
chapter1.txt
anushapaul@MacBook-Air Story % ls -a
.		..		.git		chapter1.txt
anushapaul@MacBook-Air Story % git status
On branch master

No commits yet

Untracked files:
  (use "git add <file>..." to include in what will be committed)
	chapter1.txt

nothing added to commit but untracked files present (use "git add" to track)
anushapaul@MacBook-Air Story % git add chapter1.txt
anushapaul@MacBook-Air Story % git status          
On branch master

No commits yet

Changes to be committed:
  (use "git rm --cached <file>..." to unstage)
	new file:   chapter1.txt

anushapaul@MacBook-Air Story % git commit -m "first commit to chap1"
[master (root-commit) 0ccdb24] first commit to chap1
 1 file changed, 1 insertion(+)
 create mode 100644 chapter1.txt
anushapaul@MacBook-Air Story % git log
commit 0ccdb24b8619b49cc7e12590b053032fd9daef90 (HEAD -> master)
Author: limitlesslogger <anushapaul789@gmail.com>
Date:   Thu Jan 5 21:39:27 2023 +0530

    first commit to chap1
anushapaul@MacBook-Air Story % touch chapter2.txt                   
anushapaul@MacBook-Air Story % touch chapter3.txt
anushapaul@MacBook-Air Story % git status
On branch master
Untracked files:
  (use "git add <file>..." to include in what will be committed)
	chapter2.txt
	chapter3.txt

nothing added to commit but untracked files present (use "git add" to track)
anushapaul@MacBook-Air Story % git add . 
anushapaul@MacBook-Air Story % git status
On branch master
Changes to be committed:
  (use "git restore --staged <file>..." to unstage)
	new file:   chapter2.txt
	new file:   chapter3.txt

anushapaul@MacBook-Air Story % git commit -m"complete chap 2 and 3"
[master 8529082] complete chap 2 and 3
 2 files changed, 2 insertions(+)
 create mode 100644 chapter2.txt
 create mode 100644 chapter3.txt
anushapaul@MacBook-Air Story % git log
commit 852908234710028e67d692e78e7b404dc62b9ccd (HEAD -> master)
Author: limitlesslogger <anushapaul789@gmail.com>
Date:   Thu Jan 5 21:43:31 2023 +0530

    complete chap 2 and 3

commit 0ccdb24b8619b49cc7e12590b053032fd9daef90
Author: limitlesslogger <anushapaul789@gmail.com>
Date:   Thu Jan 5 21:39:27 2023 +0530

    first commit to chap1
anushapaul@MacBook-Air Story % git status
On branch master
Changes not staged for commit:
  (use "git add <file>..." to update what will be committed)
  (use "git restore <file>..." to discard changes in working directory)
	modified:   chapter3.txt

no changes added to commit (use "git add" and/or "git commit -a")
anushapaul@MacBook-Air Story % git diff chapter3.txt
diff --git a/chapter3.txt b/chapter3.txt
index 7618940..9b59337 100644
--- a/chapter3.txt
+++ b/chapter3.txt
@@ -1 +1 @@
-welcome to git
\ No newline at end of file
+welcome to git bfhgdetrerh
\ No newline at end of file
anushapaul@MacBook-Air Story % git checkout chapter3.txt
Updated 1 path from the index
anushapaul@MacBook-Air Story % git diff chapter3.txt    
anushapaul@MacBook-Air Story % 
